[{"data":1,"prerenderedAt":585},["ShallowReactive",2],{"content:\u002F2024\u002Flvm-guide":3,"surround:\u002F2024\u002Flvm-guide":574},{"id":4,"title":5,"body":6,"categories":549,"date":551,"description":552,"draft":553,"extension":554,"image":555,"meta":556,"navigation":558,"path":559,"permalink":555,"published":555,"readingTime":560,"recommend":555,"references":555,"seo":565,"sitemap":566,"stem":567,"tags":568,"top":553,"type":571,"updated":572,"__hash__":573},"content\u002Fposts\u002F2024\u002Flvm-guide.md","LVM 硬盘工具使用教程",{"type":7,"value":8,"toc":513},"minimark",[9,16,33,38,43,53,57,64,70,85,91,100,106,123,129,133,136,139,149,158,165,169,174,180,184,190,193,197,203,206,210,216,220,226,229,233,239,251,254,258,263,269,272,276,282,286,292,295,299,305,309,316,322,328,331,337,340,346,349,352,358,364,368,371,377,380,386,389,395,399,402,408,412,415,421,425,428,434,437,441,447,450,454,456,462,465,471,474,477,483,487,493,499,502,507],[10,11,12],"blockquote",{},[13,14,15],"p",{},"LVM是Linux系统中用于管理磁盘分区的命令行工具。该工具通过纯软件方式将多个块设备组织为逻辑卷，支持在线调整逻辑卷空间并集成快照功能以实现数据备份。",[17,18,21],"alert",{"title":19,"type":20},"版本差异说明","question",[13,22,23,24,28,29,32],{},"此操作在 CentOS 7 下进行。CentOS 6 默认文件系统为 ext4（使用 ",[25,26,27],"code",{"code":27},"resize2fs"," 命令扩容），CentOS 7 起默认为 xfs（使用 ",[25,30,31],{"code":31},"xfs_growfs"," 命令扩容）。写入 fstab 时需注意对应文件系统类型。",[10,34,35],{},[13,36,37],{},"ubuntu也可以使用此文档.",[39,40,42],"h2",{"id":41},"一安装lvm","一、安装LVM",[44,45,51],"pre",{"className":46,"code":48,"language":49,"meta":50},[47],"language-shell","# CentOS\u002FRHEL系统\nyum  install -y lvm2\n\n# Ubuntu\u002FDebian系统\napt install -y lvm2\n","shell","",[25,52,48],{"__ignoreMap":50},[39,54,56],{"id":55},"二命令大全","二、命令大全",[13,58,59,60,63],{},"这里就是常用的创建分区所有使用的命令了，注意部分命令例如",[25,61,62],{"code":62},"lsblk"," 只会提及一次，如想查看完整操作请看下一小节。",[44,65,68],{"className":66,"code":67,"language":49,"meta":50},[47],"# 查看磁盘分区情况（虚拟磁盘通常是vdx、sata磁盘是sdx、nvme是nvmex）这里使用vdb作为演示\nlsblk\n# 使用parted工具操作磁盘（格式化磁盘）\nparted \u002Fdev\u002Fvdb\n\t# 查看磁盘信息\n\tprint\n\t# 修改为gpt分区表\n\tmklabel gpt\n\t# 创建主分区(如果创建一个分区，最后一个为最大容量)\n\tmkpart primary 0 1045GB\n\t# 如果有错误就忽略，如果有覆盖选项就Y覆盖\n\t# 创建完成后可以再次运行print查看磁盘信息\n\t\n\t# 标记1分区为lvm\n\tset 1 lvm on \n\t# 退出分区工具\n\tquit\n# 重读分区表 可以再次运行lsblk进行查看分区\npartprobe \u002Fdev\u002Fvdb\n\n\n# ---------------------------创建分区操作---------------------------\n\n# PV操作\n## 创建pv (vdb1就是lsblk的vdb下面的一个分区)\npvcreate -v \u002Fdev\u002Fvdb1\n## 查看pv 这里主要查看创建的pv有没有成功创建，注意这里可能会包含系统的pv\npvdisplay\n\n# VG操作\n## 创建vg 这里的vg01就是创建的vg名称\nvgcreate -s 4M vg01 \u002Fdev\u002Fvdb1\n## 查看vg 这里同样会包含系统的vg\nvgdisplay\n\n\n# LV操作\n## 创建lv 这里的vg01就是vg名称 lv01就是创建的lv名称\nlvcreate  -l 100%FREE -n lv01 vg01\n## 查看lv 这里同样会包含系统的vg\nlvdisplay\n\n\n# 格式化分区 主要演示格式化为ext4\n## 主要语法为 mkfs.ext4 \u002Fdev\u002F\u003Cvg名称>\u002F\u003Clv名称>\nmkfs.ext4 \u002Fdev\u002Fvg01\u002Flv01\n\n# 进行挂载操作\nmkdir \u002Fapp\nmount \u002Fdev\u002Fvg01\u002Flv01 \u002Fapp\n\n# 永久写入挂载点\n## 查看系统当前挂载信息\nblkid\n",[25,69,67],{"__ignoreMap":50},[17,71,74],{"title":72,"type":73},"注意","warning",[13,75,76,77,80,81,84],{},"写入 ",[25,78,79],{"code":79},"\u002Fetc\u002Ffstab"," 前务必确认 UUID 正确。错误的 UUID 或 fstab 条目会导致系统无法正常启动。建议先用 ",[25,82,83],{"code":83},"mount"," 命令测试挂载是否正常，再写入 fstab。",[44,86,89],{"className":87,"code":88,"language":49,"meta":50},[47],"## 写入fstab文件\necho \"UUID=\u003CUUID> \u002Fapp ext4 defaults 0 0\" >> \u002Fetc\u002Ffstab\n\n\n# ---------------------------扩容分区操作---------------------------\n\n# VG操作\n## 扩展vg，将pv全部扩展到vg下\n##vgextend \u003CVG Name> \u003CPV Name>\nvgextend vg01 \u002Fdev\u002Fvdb1\n# 查看LV\nlvdisplay\n\n# LV操作\n## 扩展lv，将vg全部扩展到lv下\nlvextend -l +100%FREE \u003CLV Path>\n",[25,90,88],{"__ignoreMap":50},[17,92,93],{"title":72,"type":73},[13,94,95,96,99],{},"缩容操作可能导致数据丢失！执行 ",[25,97,98],{"code":98},"lvreduce"," 前必须先卸载文件系统并缩小文件系统大小，否则会损坏数据。建议缩容前做好完整备份。",[44,101,104],{"className":102,"code":103,"language":49,"meta":50},[47],"## 缩小lv分区\nlvreduce -L 100G  \u003CLV Path>\n\n# 加载到系统\n## 参数为 LV path，**被扩容的挂载点一定是LVM格式\nxfs_growfs \u003CLV Path>\n",[25,105,103],{"__ignoreMap":50},[17,107,109],{"title":108,"type":73},"删除分区操作",[13,110,111,112,115,116,115,119,122],{},"以下操作包含 ",[25,113,114],{"code":114},"lvremove","、",[25,117,118],{"code":118},"vgremove",[25,120,121],{"code":121},"rm -rf"," 等不可逆命令，执行前请确认数据已备份。删除 LV\u002FVG 后数据将无法恢复。",[44,124,127],{"className":125,"code":126,"language":49,"meta":50},[47],"# ---------------------------删除分区操作---------------------------\n\n# 删除挂载点\n## 如果fstab内有配置需要同步删除\numount -v \u002Fdev\u002Fvg01\u002Flv01\n## 删除目录（可选）\nrm -rf \u002Fapp\n\n# LV操作\n## 删除LV\nlvremove \u002Fdev\u002Fvg01\u002Flv01\n## 查看LV\nlvdisplay\n\n# VG操作\n## 删除vg\nvgremove vg01\n## 查看vg\nvgdisplay\n\n",[25,128,126],{"__ignoreMap":50},[39,130,132],{"id":131},"三扩容分区","三、扩容分区",[13,134,135],{},"在实际环境时，我们会遇到，硬盘临时扩容的情况。",[13,137,138],{},"解决方式分为2种。",[140,141,142,146],"ol",{},[143,144,145],"li",{},"把临时扩容的部分创建一个分区，合并到 root 的 lv 里面去",[143,147,148],{},"扩容当前的 lv",[44,150,156],{"className":151,"code":153,"filename":154,"language":155,"meta":50},[152],"language-bash","\n# 1. 查看当前PV情况\npvdisplay\n\n# 2. 创建新分区（比如 sda3），类型设为 Linux LVM (8e)\nfdisk \u002Fdev\u002Fsda\n# 创建新主分区 sda3，使用所有剩余空间\n# t 设置类型为 8e\n# w 保存\n\n# 3. 刷新分区表\npartprobe \u002Fdev\u002Fsda\n\n# 4. 创建物理卷\npvcreate \u002Fdev\u002Fsda3\n\n# 5. 扩展到现有卷组\nvgextend debian-vg \u002Fdev\u002Fsda3\n\n# 6. 扩展逻辑卷\nlvextend -l +100%FREE \u002Fdev\u002Fdebian-vg\u002Froot\n\n# 7. 扩展文件系统\nresize2fs \u002Fdev\u002Fdebian-vg\u002Froot\n\n","方法1","bash",[25,157,153],{"__ignoreMap":50},[44,159,163],{"className":160,"code":161,"filename":162,"language":155,"meta":50},[152],"\n# 检查当前分区表：\nfdisk \u002Fdev\u002Fsda\n# 按 p 查看分区表。注意 sda5 是从哪个分区扩展的（通常是 sda2的扩展分区）。\n\n# 删除并重建扩展分区（sda2）以包含所有空间：\n## 在 fdisk 中，按 d 删除分区，先删 5（扩展分区内的逻辑分区），再删 2（扩展分区本身）。\n## 按 n 创建新扩展分区（sda2），选择默认起始扇区，并将结束扇区设置为磁盘末尾（直接按回车使用最大空间）。\n## 按 t 将分区类型设置为 5（Extended）。\n\n# 重建逻辑分区 sda5：\n## 在 fdisk 中，按 n 创建逻辑分区（sda5），Partition #5 contains a LVM2_member signature. N 使用默认起始扇区，结束扇区同样设置为磁盘末尾。\n## 按 t 设置分区类型为 8e（Linux LVM）。\n\n# 保存并退出：\n## 按 w 保存更改并退出 fdisk。\n\n# 通知系统分区表变更：\npartprobe \u002Fdev\u002Fsda\n\n# 扩展物理卷（PV）：\npvresize \u002Fdev\u002Fsda5\n\n# 扩展swap\n## 关闭 swap\nswapoff -a\n## 扩展lv\nlvextend -L 4G \u002Fdev\u002Fdebian-vg\u002Fswap_1\n## 重新创建swap并启用\nmkswap \u002Fdev\u002Fdebian-vg\u002Fswap_1\nswapon \u002Fdev\u002Fdebian-vg\u002Fswap_1\n\n#扩展逻辑卷（LV）：\nlvextend -l +100%FREE \u002Fdev\u002Fdebian-vg\u002Froot\n\n# 调整文件系统大小：如果是 ext4 文件系统：\nresize2fs \u002Fdev\u002Fdebian-vg\u002Froot\n\n","方法2",[25,164,161],{"__ignoreMap":50},[39,166,168],{"id":167},"四真机实践","四、真机实践",[170,171,173],"h3",{"id":172},"_1-查看当前磁盘","1. 查看当前磁盘",[44,175,178],{"className":176,"code":177,"language":155,"meta":50},[152],"[root@fsddxtclgj9vm900419 ~]# df -Th                                                     \n\nFilesystem              Type      Size  Used Avail Use% Mounted on\n\u002Fdev\u002Fmapper\u002Fcentos-root xfs        44G  3.7G   41G   9% \u002F\ndevtmpfs                devtmpfs  7.8G     0  7.8G   0% \u002Fdev\ntmpfs                   tmpfs     7.8G     0  7.8G   0% \u002Fdev\u002Fshm\ntmpfs                   tmpfs     7.8G  777M  7.0G  10% \u002Frun\ntmpfs                   tmpfs     7.8G     0  7.8G   0% \u002Fsys\u002Ffs\u002Fcgroup\n\u002Fdev\u002Fvda1               xfs      1014M  179M  836M  18% \u002Fboot\ntmpfs                   tmpfs     1.6G   36K  1.6G   1% \u002Frun\u002Fuser\u002F0\ntmpfs                   tmpfs     1.6G   40K  1.6G   1% \u002Frun\u002Fuser\u002F1001\n",[25,179,177],{"__ignoreMap":50},[170,181,183],{"id":182},"_2-查看块分区","2. 查看块分区",[44,185,188],{"className":186,"code":187,"language":155,"meta":50},[152],"[root@fsddxtclgj9vm900419 ~]# lsblk \n\nNAME            MAJ:MIN RM  SIZE RO TYPE MOUNTPOINT\nvda             252:0    0   50G  0 disk \n├─vda1          252:1    0    1G  0 part \u002Fboot\n└─vda2          252:2    0   49G  0 part \n  ├─centos-root 253:0    0   44G  0 lvm  \u002F\n  └─centos-swap 253:1    0    5G  0 lvm  [SWAP]\nvdb             252:16   0  974G  0 disk\n",[25,189,187],{"__ignoreMap":50},[13,191,192],{},"可以看到 \u002Fdev\u002Fvdb 为新增的磁盘",[170,194,196],{"id":195},"_3-格式化磁盘","3. 格式化磁盘",[44,198,201],{"className":199,"code":200,"language":49,"meta":50},[47],"[root@fsddxtclgj9vm900419 ~]# parted \u002Fdev\u002Fvdb\n\nGNU Parted 3.1\nUsing \u002Fdev\u002Fvdb\nWelcome to GNU Parted! Type 'help' to view a list of commands.\n\n(parted) print\n\nError: \u002Fdev\u002Fvdb: unrecognised disk label\nModel: Virtio Block Device (virtblk)                                      \nDisk \u002Fdev\u002Fvdb: 1046GB\nSector size (logical\u002Fphysical): 512B\u002F512B\nPartition Table: unknown\nDisk Flags: \n\n(parted) mklabel gpt    \n\n(parted) mkpart primary 0 1045GB\n\nWarning: The resulting partition is not properly aligned for best performance.\nIgnore\u002FCancel? i    \n\n(parted) print   \n\nModel: Virtio Block Device (virtblk)\nDisk \u002Fdev\u002Fvdb: 1046GB\nSector size (logical\u002Fphysical): 512B\u002F512B\nPartition Table: gpt\nDisk Flags: \n\nNumber  Start   End     Size    File system  Name     Flags\n 1      17.4kB  1045GB  1045GB               primary\n\n(parted) set 1 lvm on    \n\n(parted) print\n\nModel: Virtio Block Device (virtblk)\nDisk \u002Fdev\u002Fvdb: 1046GB\nSector size (logical\u002Fphysical): 512B\u002F512B\nPartition Table: gpt\nDisk Flags: \n\nNumber  Start   End     Size    File system  Name     Flags\n 1      17.4kB  1045GB  1045GB               primary  lvm\n\n(parted) quit   \n\nInformation: You may need to update \u002Fetc\u002Ffstab\n\n",[25,202,200],{"__ignoreMap":50},[13,204,205],{},"以上 (parted) 开头的代表输入的命令，具体功能可以通过 help 查看",[170,207,209],{"id":208},"_4-重读分区表","4. 重读分区表",[44,211,214],{"className":212,"code":213,"language":155,"meta":50},[152],"partprobe \u002Fdev\u002Fvdb\n",[25,215,213],{"__ignoreMap":50},[170,217,219],{"id":218},"_5-重新查看块分区","5. 重新查看块分区",[44,221,224],{"className":222,"code":223,"language":155,"meta":50},[152],"[root@fsddxtclgj9vm900419 ~]# lsblk \nNAME            MAJ:MIN RM   SIZE RO TYPE MOUNTPOINT\nvda             252:0    0    50G  0 disk \n├─vda1          252:1    0     1G  0 part \u002Fboot\n└─vda2          252:2    0    49G  0 part \n  ├─centos-root 253:0    0    44G  0 lvm  \u002F\n  └─centos-swap 253:1    0     5G  0 lvm  [SWAP]\nvdb             252:16   0   974G  0 disk \n└─vdb1          252:17   0 973.2G  0 part\n",[25,225,223],{"__ignoreMap":50},[13,227,228],{},"可以看到vdb下多了vdb1，这个用来创建pv",[170,230,232],{"id":231},"_6-创建pv","6. 创建PV",[44,234,237],{"className":235,"code":236,"language":155,"meta":50},[152],"[root@fsddxtclgj9vm900419 ~]# pvcreate -v \u002Fdev\u002Fvdb1\n    Wiping internal VG cache\n    Wiping cache of LVM-capable devices\n    Wiping signatures on new PV \u002Fdev\u002Fvdb1.\n    Set up physical volume for \"\u002Fdev\u002Fvdb1\" with 2041015592 available sectors.\n    Zeroing start of device \u002Fdev\u002Fvdb1.\n    Writing physical volume data to disk \"\u002Fdev\u002Fvdb1\".\n  Physical volume \"\u002Fdev\u002Fvdb1\" successfully created.\n",[25,238,236],{"__ignoreMap":50},[17,240,243],{"title":241,"type":242},"扩容前提条件","info",[13,244,245,246,250],{},"PV 创建好之后，到这一步可以选择扩展或者新建挂载点。",[247,248,249],"strong",{},"扩容的前提条件是扩容挂载点的磁盘格式必须是 LVM 格式","，非 LVM 格式的分区无法直接扩容。",[13,252,253],{},"这里先演示新建挂载点然后删除挂载点并扩容",[170,255,257],{"id":256},"_7-新增lvm挂载","7. 新增LVM挂载",[259,260,262],"h4",{"id":261},"查看pv","查看PV",[44,264,267],{"className":265,"code":266,"language":155,"meta":50},[152],"[root@fsddxtclgj9vm900419 ~]# pvdisplay\n  --- Physical volume ---\n  PV Name               \u002Fdev\u002Fvda2\n  VG Name               centos\n  PV Size               \u003C49.00 GiB \u002F not usable 3.00 MiB\n  Allocatable           yes (but full)\n  PE Size               4.00 MiB\n  Total PE              12543\n  Free PE               0\n  Allocated PE          12543\n  PV UUID               CCUeq0-ZnG9-iUY8-dPOj-fVOa-XC10-ooGyle\n   \n  \"\u002Fdev\u002Fvdb1\" is a new physical volume of \"973.23 GiB\"\n  --- NEW Physical volume ---\n  PV Name               \u002Fdev\u002Fvdb1\n  VG Name               \n  PV Size               973.23 GiB\n  Allocatable           NO\n  PE Size               0   \n  Total PE              0\n  Free PE               0\n  Allocated PE          0\n  PV UUID               vUoC7C-MIP2-iwXr-0SWu-c2Wz-yb6o-qFrfo1\n",[25,268,266],{"__ignoreMap":50},[13,270,271],{},"注意看 VG Name，前面的是系统安装时选择LVM格式的，后面的还没有创建，所以 VG Name 为空",[259,273,275],{"id":274},"新建vg","新建VG",[44,277,280],{"className":278,"code":279,"language":155,"meta":50},[152],"[root@fsddxtclgj9vm900419 ~]# vgcreate -s 4M vg01 \u002Fdev\u002Fvdb1\n  Volume group \"vg01\" successfully created\n",[25,281,279],{"__ignoreMap":50},[259,283,285],{"id":284},"查看vg","查看VG",[44,287,290],{"className":288,"code":289,"language":155,"meta":50},[152],"[root@fsddxtclgj9vm900419 ~]# vgdisplay\n  --- Volume group ---\n  VG Name               vg01\n  System ID             \n  Format                lvm2\n  Metadata Areas        1\n  Metadata Sequence No  1\n  VG Access             read\u002Fwrite\n  VG Status             resizable\n  MAX LV                0\n  Cur LV                0\n  Open LV               0\n  Max PV                0\n  Cur PV                1\n  Act PV                1\n  VG Size               973.23 GiB\n  PE Size               4.00 MiB\n  Total PE              249147\n  Alloc PE \u002F Size       0 \u002F 0   \n  Free  PE \u002F Size       249147 \u002F 973.23 GiB\n  VG UUID               hb8zoy-kKjU-VXD5-EjCN-8hS2-MOzf-lq3O5j\n   \n  --- Volume group ---\n  VG Name               centos\n  System ID             \n  Format                lvm2\n  Metadata Areas        1\n  Metadata Sequence No  3\n  VG Access             read\u002Fwrite\n  VG Status             resizable\n  MAX LV                0\n  Cur LV                2\n  Open LV               2\n  Max PV                0\n  Cur PV                1\n  Act PV                1\n  VG Size               \u003C49.00 GiB\n  PE Size               4.00 MiB\n  Total PE              12543\n  Alloc PE \u002F Size       12543 \u002F \u003C49.00 GiB\n  Free  PE \u002F Size       0 \u002F 0   \n  VG UUID               kSwsMj-4FKB-zwFq-7MBq-EfOD-rccg-HC59x9\n",[25,291,289],{"__ignoreMap":50},[13,293,294],{},"可以看到 vg01 为新建的VG",[259,296,298],{"id":297},"新建lv","新建LV",[44,300,303],{"className":301,"code":302,"language":155,"meta":50},[152],"[root@fsddxtclgj9vm900419 ~]# lvcreate  -l 100%FREE -n lv01 vg01\n  Logical volume \"lv01\" created\n",[25,304,302],{"__ignoreMap":50},[259,306,308],{"id":307},"格式化lv","格式化LV",[17,310,313],{"title":311,"type":312},"高危操作！","error",[13,314,315],{},"格式化操作会清除分区上的所有数据，请确认分区正确且无重要数据。",[13,317,318,319],{},"格式化文件系统类型有xfs，ext4，这里测试使用ext4格式，",[247,320,321],{},"默认centos7下使用xfs格式，centos6为ext4格式",[44,323,326],{"className":324,"code":325,"language":155,"meta":50},[152],"[root@fsddxtclgj9vm900419 ~]# mkfs.ext4 \u002Fdev\u002Fvg01\u002Flv01\nmke2fs 1.42.9 (28-Dec-2013)\nFilesystem label=\nOS type: Linux\nBlock size=4096 (log=2)\nFragment size=4096 (log=2)\nStride=0 blocks, Stripe width=0 blocks\n63782912 inodes, 255126528 blocks\n12756326 blocks (5.00%) reserved for the super user\nFirst data block=0\nMaximum filesystem blocks=2403336192\n7786 block groups\n32768 blocks per group, 32768 fragments per group\n8192 inodes per group\nSuperblock backups stored on blocks: \n        32768, 98304, 163840, 229376, 294912, 819200, 884736, 1605632, 2654208, \n        4096000, 7962624, 11239424, 20480000, 23887872, 71663616, 78675968, \n        102400000, 214990848\n\nAllocating group tables: done                            \nWriting inode tables: done                            \nCreating journal (32768 blocks): done\nWriting superblocks and filesystem accounting information: done\n",[25,327,325],{"__ignoreMap":50},[259,329,330],{"id":330},"新建挂载点并挂载",[44,332,335],{"className":333,"code":334,"language":155,"meta":50},[152],"mkdir \u002Fapp\nmount \u002Fdev\u002Fvg01\u002Flv01 \u002Fapp\n",[25,336,334],{"__ignoreMap":50},[259,338,339],{"id":339},"查看新增挂载后的块分区",[44,341,344],{"className":342,"code":343,"language":155,"meta":50},[152],"[root@fsddxtclgj9vm900419 ~]# lsblk \nNAME            MAJ:MIN RM   SIZE RO TYPE MOUNTPOINT\nvda             252:0    0    50G  0 disk \n├─vda1          252:1    0     1G  0 part \u002Fboot\n└─vda2          252:2    0    49G  0 part \n  ├─centos-root 253:0    0    44G  0 lvm  \u002F\n  └─centos-swap 253:1    0     5G  0 lvm  [SWAP]\nvdb             252:16   0   974G  0 disk \n└─vdb1          252:17   0 973.2G  0 part \n  └─vg01-lv01   253:2    0 973.2G  0 lvm  \u002Fapp\n",[25,345,343],{"__ignoreMap":50},[13,347,348],{},"可以看到新增磁盘以LVM格式挂载在 \u002Fapp 下",[259,350,351],{"id":351},"永久写入挂载点",[44,353,356],{"className":354,"code":355,"language":49,"meta":50},[47],"blkid\n\n#\u002Fdev\u002Fmapper\u002Fvg01-lv01 on \u002Fopt type ext4 (rw,relatime)\n\n# echo \"UUID=\u003CUUID> \u002Fapp ext4 defaults 0 0\" >> \u002Fetc\u002Ffstab\n",[25,357,355],{"__ignoreMap":50},[44,359,362],{"className":360,"code":361,"language":49,"meta":50},[47],"[root@docker-server ~]# blkid\n\u002Fdev\u002Fsda1: SEC_TYPE=\"msdos\" UUID=\"F312-EB5D\" TYPE=\"vfat\" PARTLABEL=\"EFI System Partition\" PARTUUID=\"7526c319-8c70-4fa9-ad1a-7a9a906c0f7c\"\n\u002Fdev\u002Fsda2: UUID=\"a169778d-bcee-41d3-899e-aa68e670eb54\" TYPE=\"xfs\" PARTUUID=\"b9de11c9-a9a8-46c7-8484-a3f0450f648f\"\n\u002Fdev\u002Fsda3: UUID=\"4WIoYK-aQng-dGMv-YYjq-RXaj-XKMV-o0RYCL\" TYPE=\"LVM2_member\" PARTUUID=\"b0ebc437-996e-4a3c-b6d3-cf5692413688\"\n\u002Fdev\u002Fsdb1: UUID=\"PHHm7S-6haw-EeGN-2xRl-Cxna-3C9N-4QlPIy\" TYPE=\"LVM2_member\" PARTLABEL=\"primary\" PARTUUID=\"68320f1b-25b0-4070-8a22-79af2af7aa69\"\n\u002Fdev\u002Fmapper\u002Fcentos-root: UUID=\"375718d4-698b-4709-b721-2c652a87c118\" TYPE=\"xfs\"\n\u002Fdev\u002Fmapper\u002Fcentos-swap: UUID=\"d7e852bb-0ef8-4545-a3cb-4fb12b8fb9ff\" TYPE=\"swap\"\n# lvm\n\u002Fdev\u002Fmapper\u002Fvg01-lv01: UUID=\"37bbfff9-76da-4515-a9e5-b8820ea523e5\" TYPE=\"ext4\" \n\u002Fdev\u002Fmapper\u002Fcentos-home: UUID=\"d3f5743c-588a-4bc1-bb6a-51775db4713e\" TYPE=\"xfs\"\n[root@docker-server ~]# cat \u002Fetc\u002Ffstab\n\n#\n# \u002Fetc\u002Ffstab\n# Created by anaconda on Wed Jul  3 21:16:34 2024\n#\n# Accessible filesystems, by reference, are maintained under '\u002Fdev\u002Fdisk'\n# See man pages fstab(5), findfs(8), mount(8) and\u002For blkid(8) for more info\n#\n\u002Fdev\u002Fmapper\u002Fcentos-root \u002F                       xfs     defaults        0 0\nUUID=a169778d-bcee-41d3-899e-aa68e670eb54 \u002Fboot                   xfs     defaults        0 0\nUUID=F312-EB5D          \u002Fboot\u002Fefi               vfat    umask=0077,shortname=winnt 0 0\n\u002Fdev\u002Fmapper\u002Fcentos-home \u002Fhome                   xfs     defaults        0 0\n\u002Fdev\u002Fmapper\u002Fcentos-swap swap                    swap    defaults        0 0\n# 写入\nUUID=37bbfff9-76da-4515-a9e5-b8820ea523e5 \u002Fapp ext4 defaults 0 0\n\n",[25,363,361],{"__ignoreMap":50},[170,365,367],{"id":366},"_8-删除lvm挂载点","8. 删除LVM挂载点",[259,369,370],{"id":370},"删除挂载点",[44,372,375],{"className":373,"code":374,"language":155,"meta":50},[152],"[root@fsddxtclgj9vm900419 ~]# umount -v \u002Fdev\u002Fvg01\u002Flv01\numount: \u002Fapp (\u002Fdev\u002Fmapper\u002Fvg01-lv01) unmounted\n",[25,376,374],{"__ignoreMap":50},[259,378,379],{"id":379},"查看块设备",[44,381,384],{"className":382,"code":383,"language":155,"meta":50},[152],"[root@fsddxtclgj9vm900419 ~]# lsblk \nNAME            MAJ:MIN RM   SIZE RO TYPE MOUNTPOINT\nvda             252:0    0    50G  0 disk \n├─vda1          252:1    0     1G  0 part \u002Fboot\n└─vda2          252:2    0    49G  0 part \n  ├─centos-root 253:0    0    44G  0 lvm  \u002F\n  └─centos-swap 253:1    0     5G  0 lvm  [SWAP]\nvdb             252:16   0   974G  0 disk \n└─vdb1          252:17   0 973.2G  0 part \n  └─vg01-lv01   253:2    0 973.2G  0 lvm\n",[25,385,383],{"__ignoreMap":50},[13,387,388],{},"可以看到 \u002Fapp 挂载点删除了，删除 \u002Fapp 目录",[44,390,393],{"className":391,"code":392,"language":155,"meta":50},[152],"rm -rf \u002Fapp\n",[25,394,392],{"__ignoreMap":50},[259,396,398],{"id":397},"删除lv","删除LV",[13,400,401],{},"参数为 LV Path",[44,403,406],{"className":404,"code":405,"language":155,"meta":50},[152],"[root@fsddxtclgj9vm900419 ~]# lvremove \u002Fdev\u002Fvg01\u002Flv01\nDo you really want to remove active logical volume vg01\u002Flv01? [y\u002Fn]: y\n  Logical volume \"lv01\" successfully removed\n",[25,407,405],{"__ignoreMap":50},[259,409,411],{"id":410},"删除vg","删除VG",[13,413,414],{},"参数为 VG Name",[44,416,419],{"className":417,"code":418,"language":155,"meta":50},[152],"[root@fsddxtclgj9vm900419 ~]# vgremove vg01\n  Volume group \"vg01\" successfully removed\n",[25,420,418],{"__ignoreMap":50},[259,422,424],{"id":423},"扩容vg","扩容VG",[13,426,427],{},"参数为 VG Name 和 PV Name",[44,429,432],{"className":430,"code":431,"language":155,"meta":50},[152],"[root@fsddxtclgj9vm900419 ~]# vgextend centos \u002Fdev\u002Fvdb1\n  Volume group \"centos\" successfully extended\n",[25,433,431],{"__ignoreMap":50},[13,435,436],{},"此时 PV \u002Fdev\u002Fvdb1 全部扩展到 VG centos下",[259,438,440],{"id":439},"查看lv","查看LV",[44,442,445],{"className":443,"code":444,"language":155,"meta":50},[152],"[root@fsddxtclgj9vm900419 ~]# lvdisplay \n  --- Logical volume ---\n  LV Path                \u002Fdev\u002Fcentos\u002Fswap\n  LV Name                swap\n  VG Name                centos\n  LV UUID                PCx0yU-o9JZ-R92O-lI01-f8EU-DKyM-etst0H\n  LV Write Access        read\u002Fwrite\n  LV Creation host, time localhost.localdomain, 2018-12-24 16:46:31 +0800\n  LV Status              available\n  # open                 2\n  LV Size                5.00 GiB\n  Current LE             1280\n  Segments               1\n  Allocation             inherit\n  Read ahead sectors     auto\n  - currently set to     8192\n  Block device           253:1\n   \n  --- Logical volume ---\n  LV Path                \u002Fdev\u002Fcentos\u002Froot\n  LV Name                root\n  VG Name                centos\n  LV UUID                Idf9IO-AxkA-tS1C-FTgN-FsLT-d3Zk-7o1W5E\n  LV Write Access        read\u002Fwrite\n  LV Creation host, time localhost.localdomain, 2018-12-24 16:46:31 +0800\n  LV Status              available\n  # open                 1\n  LV Size                \u003C44.00 GiB\n  Current LE             11263\n  Segments               1\n  Allocation             inherit\n  Read ahead sectors     auto\n  - currently set to     8192\n  Block device           253:0\n",[25,446,444],{"__ignoreMap":50},[13,448,449],{},"通过查看，系统安装时选择的磁盘格式是LVM并且有两个分区，接下来扩展根分区",[259,451,453],{"id":452},"扩展lv分区","扩展LV分区",[13,455,401],{},[44,457,460],{"className":458,"code":459,"language":155,"meta":50},[152],"[root@fsddxtclgj9vm900419 ~]# lvextend -l +100%FREE \u002Fdev\u002Fcentos\u002Froot\n  Size of logical volume centos\u002Froot changed from \u003C44.00 GiB (11263 extents) to \u003C1017.23 GiB (260410 extents).\n  Logical volume centos\u002Froot successfully resized\n",[25,461,459],{"__ignoreMap":50},[13,463,464],{},"如果发现误操作，需要还原，可以通过以下命令缩小LV分区",[44,466,469],{"className":467,"code":468,"language":155,"meta":50},[152],"lvreduce -L 1017.2G  \u002Fdev\u002Fcentos\u002Froot\n",[25,470,468],{"__ignoreMap":50},[259,472,473],{"id":473},"加载扩容到系统",[13,475,476],{},"此时查看系统可以看到已经扩容，但没有加载到文件系统",[44,478,481],{"className":479,"code":480,"language":155,"meta":50},[152],"[root@fsddxtclgj9vm900419 ~]# lsblk \nNAME            MAJ:MIN RM    SIZE RO TYPE MOUNTPOINT\nvda             252:0    0     50G  0 disk \n├─vda1          252:1    0      1G  0 part \u002Fboot\n└─vda2          252:2    0     49G  0 part \n  ├─centos-root 253:0    0 1017.2G  0 lvm  \u002F\n  └─centos-swap 253:1    0      5G  0 lvm  [SWAP]\nvdb             252:16   0    974G  0 disk \n└─vdb1          252:17   0  973.2G  0 part \n  └─centos-root 253:0    0 1017.2G  0 lvm  \u002F\n[root@fsddxtclgj9vm900419 ~]# df -h\nFilesystem               Size  Used Avail Use% Mounted on\n\u002Fdev\u002Fmapper\u002Fcentos-root   44G  3.7G   41G   9% \u002F\ndevtmpfs                 7.8G     0  7.8G   0% \u002Fdev\ntmpfs                    7.8G     0  7.8G   0% \u002Fdev\u002Fshm\ntmpfs                    7.8G  777M  7.0G  10% \u002Frun\ntmpfs                    7.8G     0  7.8G   0% \u002Fsys\u002Ffs\u002Fcgroup\n\u002Fdev\u002Fvda1               1014M  179M  836M  18% \u002Fboot\ntmpfs                    1.6G   36K  1.6G   1% \u002Frun\u002Fuser\u002F0\ntmpfs                    1.6G   40K  1.6G   1% \u002Frun\u002Fuser\u002F1001\n",[25,482,480],{"__ignoreMap":50},[13,484,485],{},[247,486,473],{},[13,488,489,490],{},"参数为 LV path，",[247,491,492],{},"被扩容的挂载点一定是LVM格式",[44,494,497],{"className":495,"code":496,"language":155,"meta":50},[152],"[root@fsddxtclgj9vm900419 ~]# xfs_growfs \u002Fdev\u002Fcentos\u002Froot\nmeta-data=\u002Fdev\u002Fmapper\u002Fcentos-root isize=512    agcount=4, agsize=2883328 blks\n         =                       sectsz=512   attr=2, projid32bit=1\n         =                       crc=1        finobt=0 spinodes=0\ndata     =                       bsize=4096   blocks=11533312, imaxpct=25\n         =                       sunit=0      swidth=0 blks\nnaming   =version 2              bsize=4096   ascii-ci=0 ftype=1\nlog      =internal               bsize=4096   blocks=5631, version=2\n         =                       sectsz=512   sunit=0 blks, lazy-count=1\nrealtime =none                   extsz=4096   blocks=0, rtextents=0\ndata blocks changed from 11533312 to 266659840\n",[25,498,496],{"__ignoreMap":50},[13,500,501],{},"说明：若使用ext4文件格式（centos6），是使用resize2fs命令来生效",[13,503,504],{},[247,505,506],{},"查看磁盘",[44,508,511],{"className":509,"code":510,"language":155,"meta":50},[152],"[root@fsddxtclgj9vm900419 ~]# df -h\nFilesystem               Size  Used Avail Use% Mounted on\n\u002Fdev\u002Fmapper\u002Fcentos-root 1018G  3.7G 1014G   1% \u002F\ndevtmpfs                 7.8G     0  7.8G   0% \u002Fdev\ntmpfs                    7.8G     0  7.8G   0% \u002Fdev\u002Fshm\ntmpfs                    7.8G  777M  7.0G  10% \u002Frun\ntmpfs                    7.8G     0  7.8G   0% \u002Fsys\u002Ffs\u002Fcgroup\n\u002Fdev\u002Fvda1               1014M  179M  836M  18% \u002Fboot\ntmpfs                    1.6G   36K  1.6G   1% \u002Frun\u002Fuser\u002F0\ntmpfs                    1.6G   40K  1.6G   1% \u002Frun\u002Fuser\u002F1001\n",[25,512,510],{"__ignoreMap":50},{"title":50,"searchDepth":514,"depth":514,"links":515},4,[516,518,519,520],{"id":41,"depth":517,"text":42},2,{"id":55,"depth":517,"text":56},{"id":131,"depth":517,"text":132},{"id":167,"depth":517,"text":168,"children":521},[522,524,525,526,527,528,529,539],{"id":172,"depth":523,"text":173},3,{"id":182,"depth":523,"text":183},{"id":195,"depth":523,"text":196},{"id":208,"depth":523,"text":209},{"id":218,"depth":523,"text":219},{"id":231,"depth":523,"text":232},{"id":256,"depth":523,"text":257,"children":530},[531,532,533,534,535,536,537,538],{"id":261,"depth":514,"text":262},{"id":274,"depth":514,"text":275},{"id":284,"depth":514,"text":285},{"id":297,"depth":514,"text":298},{"id":307,"depth":514,"text":308},{"id":330,"depth":514,"text":330},{"id":339,"depth":514,"text":339},{"id":351,"depth":514,"text":351},{"id":366,"depth":523,"text":367,"children":540},[541,542,543,544,545,546,547,548],{"id":370,"depth":514,"text":370},{"id":379,"depth":514,"text":379},{"id":397,"depth":514,"text":398},{"id":410,"depth":514,"text":411},{"id":423,"depth":514,"text":424},{"id":439,"depth":514,"text":440},{"id":452,"depth":514,"text":453},{"id":473,"depth":514,"text":473},[550],"系统","2024-09-17 14:31:01","本文详细的介绍了如何使用LVM进行创建分区,扩容分区等操作",false,"md",null,{"slots":557},{},true,"\u002F2024\u002Flvm-guide",{"text":561,"minutes":562,"time":563,"words":564},"17 min read",16.595,995700,3319,{"title":5,"description":552},{"loc":559},"posts\u002F2024\u002Flvm-guide",[569,570],"LVM","Disk","tech","2026-06-27 14:31:01","323SWRXvnQOpZ1arvX9-kO7IgW855yXoKfDkxQUnylc",[575,580],{"title":576,"path":577,"stem":578,"date":579,"type":571,"children":-1},"使用 Squid 为内网服务器搭建 HTTP 代理","\u002F2024\u002Fsquid-proxy","posts\u002F2024\u002Fsquid-proxy","2024-07-20 09:48:41",{"title":581,"path":582,"stem":583,"date":584,"type":571,"children":-1},"Chrome硬件加速功能开启与关闭","\u002F2025\u002Fchrome-hardware","posts\u002F2025\u002Fchrome-hardware","2025-03-31 10:07:47",1782547830279]